// Jest Snapshot v1, https://goo.gl/fbAQLP

exports[`Page - Pokemon Page Match with snapshot 1`] = `
<div>
  <div>
    <h1>Espere por favor...</h1>
  </div>
</div>
`;

exports[`Page - Pokemon Page Match with snapshot when loading pokemons 1`] = `
<div>
  <div>
    <h1>Â¿Quien es este Pokemon?</h1><!-- Picture -->
    <pokemon-picture-stub pokemonid="1" showpokemon="false"></pokemon-picture-stub><!-- Options -->
    <pokemon-options-stub pokemons="[object Object],[object Object],[object Object],[object Object]"></pokemon-options-stub>
    <!--v-if-->
  </div>
</div>
`;
